DROP EXTENSION IF EXISTS walminer;
CREATE EXTENSION IF NOT EXISTS walminer;
DROP TABLE t1;
SELECT walminer_stop();
  walminer_stop   
------------------
 walminer stoped!
(1 row)

CHECKPOINT;
SELECT pg_current_wal_lsn() AS lsn1 \gset
CREATE TABLE t1(i INT, j INT, k VARCHAR);
INSERT INTO t1 VALUES(1,1,NULL);
UPDATE t1 SET i = 10 WHERE i = 1;
DELETE FROM t1 WHERE i = 10;
SELECT pg_current_wal_lsn() AS lsn2 \gset
SELECT walminer_regression_mode();
 walminer_regression_mode 
--------------------------
 t
(1 row)

SELECT wal2sql(:'lsn1'::pg_lsn, :'lsn2'::pg_lsn, 'true');
       wal2sql       
---------------------
 pg_minerwal success
(1 row)

SELECT sqlno, topxid=0 as istopxid, op_text FROM walminer_contents;
 sqlno | istopxid |                          op_text                          
-------+----------+-----------------------------------------------------------
     1 | t        | INSERT INTO public.t1(i ,j ,k) VALUES(1 ,1 ,null)
     1 | t        | UPDATE public.t1 SET i=10 WHERE i=1 AND j=1 AND k is null
     1 | t        | DELETE FROM public.t1 WHERE i=10 AND j=1 AND k is null
(3 rows)

