DROP EXTENSION IF EXISTS walminer;
CREATE EXTENSION IF NOT EXISTS walminer;
DROP TABLE t1;
DROP TABLE t2;
SELECT walminer_stop();
  walminer_stop   
------------------
 walminer stoped!
(1 row)

CREATE TABLE t1(i int, j int, k varchar);
CREATE TABLE t2(i int, j int, k varchar);
SELECT relfilenode AS node FROM pg_class WHERE relname ='t1' \gset
SELECT 1 FROM pg_switch_wal();
 ?column? 
----------
        1
(1 row)

CHECKPOINT;
INSERT INTO t1 VALUES(0,0, 'lsn_test');
CHECKPOINT;
CHECKPOINT;
INSERT INTO t1 VALUES(1,1, 'lsn_test');
INSERT INTO t2 VALUES(2,1, 'lsn_test');
SELECT pg_current_wal_lsn() AS lsn1 \gset
INSERT INTO t1 VALUES(1,2, 'lsn_test');
INSERT INTO t2 VALUES(2,2, 'lsn_test');
SELECT pg_current_wal_lsn() AS lsn2 \gset
INSERT INTO t1 VALUES(1,3, 'lsn_test');
INSERT INTO t2 VALUES(2,3, 'lsn_test');
VACUUM FULL t1;
CREATE TABLE t11(i int, j int, k varchar);
SELECT 1 FROM walminer_table_avatar('t11', :node);
 ?column? 
----------
        1
(1 row)

SELECT walminer_regression_mode();
 walminer_regression_mode 
--------------------------
 t
(1 row)

SELECT walminer_by_lsn(:'lsn1', :'lsn2');
   walminer_by_lsn   
---------------------
 pg_minerwal success
(1 row)

SELECT sqlno, topxid=0 as istopxid, op_text FROM walminer_contents;
 sqlno | istopxid |                         op_text                          
-------+----------+----------------------------------------------------------
     1 | t        | INSERT INTO public.t11(i ,j ,k) VALUES(1 ,2 ,'lsn_test')
     1 | t        | INSERT INTO public.t2(i ,j ,k) VALUES(2 ,2 ,'lsn_test')
(2 rows)

SELECT walminer_stop();
  walminer_stop   
------------------
 walminer stoped!
(1 row)

SELECT 1 FROM walminer_table_avatar('t11', :node);
 ?column? 
----------
        1
(1 row)

SELECT pg_walfile_name(pg_current_wal_lsn()) AS walfile_name \gset
SELECT 'pg_wal/' || :'walfile_name' AS walfile_path \gset
SELECT walminer_wal_add(:'walfile_path');
  walminer_wal_add  
--------------------
 1 file add success
(1 row)

SELECT walminer_regression_mode();
 walminer_regression_mode 
--------------------------
 t
(1 row)

SELECT wal2sql();
       wal2sql       
---------------------
 pg_minerwal success
(1 row)

SELECT sqlno, topxid=0 as istopxid, op_text FROM walminer_contents;
 sqlno | istopxid |                         op_text                          
-------+----------+----------------------------------------------------------
     1 | t        | INSERT INTO public.t11(i ,j ,k) VALUES(0 ,0 ,'lsn_test')
     1 | t        | INSERT INTO public.t11(i ,j ,k) VALUES(1 ,1 ,'lsn_test')
     1 | t        | INSERT INTO public.t2(i ,j ,k) VALUES(2 ,1 ,'lsn_test')
     1 | t        | INSERT INTO public.t11(i ,j ,k) VALUES(1 ,2 ,'lsn_test')
     1 | t        | INSERT INTO public.t2(i ,j ,k) VALUES(2 ,2 ,'lsn_test')
     1 | t        | INSERT INTO public.t11(i ,j ,k) VALUES(1 ,3 ,'lsn_test')
     1 | t        | INSERT INTO public.t2(i ,j ,k) VALUES(2 ,3 ,'lsn_test')
(7 rows)

