DROP EXTENSION IF EXISTS walminer;
CREATE EXTENSION IF NOT EXISTS walminer;
DROP TABLE t1;
DROP TABLE t2;
CREATE TABLE t1(i int, j int, k varchar);
CREATE TABLE t2(i int, j int, k varchar);
INSERT INTO t1 VALUES(0,0, 'miss_image');
INSERT INTO t1 VALUES(1,0, 'miss_image');
SELECT 1 FROM pg_switch_wal();
 ?column? 
----------
        1
(1 row)

BEGIN;
INSERT INTO t1 VALUES(1,1, 'miss_image');
UPDATE t1 SET k = k || ' Movead' WHERE i = 1;
DELETE FROM t1 WHERE i = 0;
COMMIT;
SELECT walminer_regression_mode();
 walminer_regression_mode 
--------------------------
 t
(1 row)

SELECT walminer_stop();
  walminer_stop   
------------------
 walminer stoped!
(1 row)

SELECT pg_walfile_name(pg_current_wal_lsn()) AS walfile_name \gset
SELECT 'pg_wal/' || :'walfile_name' AS walfile_path \gset
SELECT walminer_wal_add(:'walfile_path');
  walminer_wal_add  
--------------------
 1 file add success
(1 row)

SELECT walminer_all();
NOTICE:  [walminer_decode_update] Can not find image from store
NOTICE:  [walminer_decode_update] Can not find image from store
    walminer_all     
---------------------
 pg_minerwal success
(1 row)

SELECT sqlno, topxid=0 as istopxid, sqlkind, minerd, op_text FROM walminer_contents;
 sqlno | istopxid | sqlkind | minerd |                          op_text                          
-------+----------+---------+--------+-----------------------------------------------------------
     1 | t        |       1 | t      | INSERT INTO public.t1(i ,j ,k) VALUES(1 ,1 ,'miss_image')
     2 | t        |       2 | f      | UPDATE public.t1 (WALMINER_DATA_MISSED)
     3 | t        |       2 | f      | UPDATE public.t1 (WALMINER_DATA_MISSED)
     4 | t        |       3 | f      | DELETE FROM public.t1 (WALMINER_DATA_MISSED)
(4 rows)

