DROP EXTENSION IF EXISTS walminer;
CREATE EXTENSION IF NOT EXISTS walminer;
DROP TABLE t1;
DROP TABLE t2;
SELECT walminer_stop();
  walminer_stop   
------------------
 walminer stoped!
(1 row)

CREATE TABLE t1(i int, j int, k varchar);
CREATE TABLE t2(i int, j int, k varchar);
SELECT 1 FROM pg_switch_wal();
 ?column? 
----------
        1
(1 row)

CHECKPOINT;
BEGIN;
INSERT INTO t1 VALUES(1,1, 'time_test');
INSERT INTO t2 VALUES(2,1, 'time_test');
COMMIT;
SELECT now() AS time1 \gset
INSERT INTO t1 VALUES(1,2, 'time_test');
INSERT INTO t2 VALUES(2,2, 'time_test');
SELECT now() AS time2 \gset
BEGIN;
INSERT INTO t1 VALUES(1,3, 'time_test');
INSERT INTO t2 VALUES(2,3, 'time_test');
COMMIT;
SELECT now() AS time3 \gset
BEGIN;
INSERT INTO t1 VALUES(1,4, 'time_test');
INSERT INTO t2 VALUES(2,4, 'time_test');
COMMIT;
SELECT walminer_regression_mode();
 walminer_regression_mode 
--------------------------
 t
(1 row)

SELECT walminer_stop();
  walminer_stop   
------------------
 walminer stoped!
(1 row)

SELECT pg_walfile_name(pg_current_wal_lsn()) AS walfile_name \gset
SELECT 'pg_wal/' || :'walfile_name' AS walfile_path \gset
SELECT walminer_wal_add(:'walfile_path');
  walminer_wal_add  
--------------------
 1 file add success
(1 row)

SELECT wal2sql(:'time1'::text, :'time2'::text);
       wal2sql       
---------------------
 pg_minerwal success
(1 row)

SELECT sqlno, topxid=0 as istopxid, op_text FROM walminer_contents;
 sqlno | istopxid |                         op_text                          
-------+----------+----------------------------------------------------------
     1 | t        | INSERT INTO public.t1(i ,j ,k) VALUES(1 ,2 ,'time_test')
     1 | t        | INSERT INTO public.t2(i ,j ,k) VALUES(2 ,2 ,'time_test')
     1 | t        | INSERT INTO public.t1(i ,j ,k) VALUES(1 ,3 ,'time_test')
     2 | t        | INSERT INTO public.t2(i ,j ,k) VALUES(2 ,3 ,'time_test')
(4 rows)

SELECT walminer_stop();
  walminer_stop   
------------------
 walminer stoped!
(1 row)

SELECT pg_walfile_name(pg_current_wal_lsn()) AS walfile_name \gset
SELECT 'pg_wal/' || :'walfile_name' AS walfile_path \gset
SELECT walminer_wal_add(:'walfile_path');
  walminer_wal_add  
--------------------
 1 file add success
(1 row)

SELECT walminer_by_time(:'time2'::text, :'time3'::text);
  walminer_by_time   
---------------------
 pg_minerwal success
(1 row)

SELECT sqlno, topxid=0 as istopxid, op_text FROM walminer_contents;
 sqlno | istopxid |                         op_text                          
-------+----------+----------------------------------------------------------
     1 | t        | INSERT INTO public.t1(i ,j ,k) VALUES(1 ,3 ,'time_test')
     2 | t        | INSERT INTO public.t2(i ,j ,k) VALUES(2 ,3 ,'time_test')
     1 | t        | INSERT INTO public.t1(i ,j ,k) VALUES(1 ,4 ,'time_test')
     2 | t        | INSERT INTO public.t2(i ,j ,k) VALUES(2 ,4 ,'time_test')
(4 rows)

SELECT walminer_stop();
  walminer_stop   
------------------
 walminer stoped!
(1 row)

SELECT pg_walfile_name(pg_current_wal_lsn()) AS walfile_name \gset
SELECT 'pg_wal/' || :'walfile_name' AS walfile_path \gset
SELECT walminer_wal_add(:'walfile_path');
  walminer_wal_add  
--------------------
 1 file add success
(1 row)

SELECT walminer_by_time(:'time1'::text, :'time3'::text);
  walminer_by_time   
---------------------
 pg_minerwal success
(1 row)

SELECT sqlno, topxid=0 as istopxid, op_text FROM walminer_contents;
 sqlno | istopxid |                         op_text                          
-------+----------+----------------------------------------------------------
     1 | t        | INSERT INTO public.t1(i ,j ,k) VALUES(1 ,2 ,'time_test')
     1 | t        | INSERT INTO public.t2(i ,j ,k) VALUES(2 ,2 ,'time_test')
     1 | t        | INSERT INTO public.t1(i ,j ,k) VALUES(1 ,3 ,'time_test')
     2 | t        | INSERT INTO public.t2(i ,j ,k) VALUES(2 ,3 ,'time_test')
     1 | t        | INSERT INTO public.t1(i ,j ,k) VALUES(1 ,4 ,'time_test')
     2 | t        | INSERT INTO public.t2(i ,j ,k) VALUES(2 ,4 ,'time_test')
(6 rows)

